// Jest Snapshot v1, https://goo.gl/fbAQLP

exports[`Button Component should match snapshot 1`] = `
.c0 {
  min-width: 250px;
  width: 250px;
  text-align: center;
}

.c2 {
  height: 45px;
  font-family: 'AIAMedium';
  text-transform: none;
  font-size: 1.1em;
  border: 0px;
  display: inline-block;
  background: #D31145;
  -webkit-transition: width 0.3s ease,min-width 0.3s ease,background-color 0.3s ease,border-radius 0.3s ease,border 0.3s ease,display 0.3s ease;
  transition: width 0.3s ease,min-width 0.3s ease,background-color 0.3s ease,border-radius 0.3s ease,border 0.3s ease,display 0.3s ease;
  color: #FFFFFF;
  background-color: #FFF;
  background-image: linear-gradient(to bottom,#d31145,#D31145,#d31145);
  border: none;
}

.c2:active {
  -webkit-transform: scale(0.9);
  -ms-transform: scale(0.9);
  transform: scale(0.9);
  -webkit-transition: scale 0.1s ease-in-out;
  transition: scale 0.1s ease-in-out;
}

.c2:focus {
  outline: none;
}

.c2:disabled {
  -webkit-transform: scale(1);
  -ms-transform: scale(1);
  transform: scale(1);
  opacity: 0.4;
  -webkit-filter: alpha(opacity=40);
  filter: alpha(opacity=40);
}

.c1 {
  width: 90%;
  min-width: unset;
  max-width: 250px;
}

@media (max-width:768px) {
  .c1 {
    margin-bottom: 10px;
  }
}

@media (min-width:768px) {
  .c1 {
    margin-top: 40px;
  }
}

<div
  className="c0"
  style={Object {}}
>
  <button
    className="btn c1 c2"
    color="#FFFFFF"
    disabled={false}
    onClick={[Function]}
    radius={null}
  >
    <div
      className="child"
    >
      MOCK LABEL
    </div>
  </button>
</div>
`;
