// Jest Snapshot v1, https://goo.gl/fbAQLP

exports[`Coupon Code component should match the snapshot 1`] = `
.c7 {
  position: relative;
}

.c7 input {
  display: inline-block;
  background-color: #eef0f2;
  width: 100%;
  height: 40px;
  border: none;
  color: #333;
  font-size: 14px;
}

.c7 i {
  position: absolute;
  top: 50%;
}

.c7 .right-icon-input {
  -webkit-transform: translate(-35px,-50%);
  -ms-transform: translate(-35px,-50%);
  transform: translate(-35px,-50%);
}

.c7 .left-icon-input {
  -webkit-transform: translate(10px,-50%);
  -ms-transform: translate(10px,-50%);
  transform: translate(10px,-50%);
}

.c2 {
  font-size: 22px;
  font-weight: 900;
}

.c3 {
  background-color: white;
  border: 2px solid black;
  color: black;
  padding: 5px;
  font-size: 18px;
  font-weight: 900;
}

.c4 {
  background-color: #D31145;
  border: 2px solid #D31145;
  color: white;
  padding: 5px;
  font-size: 18px;
  font-weight: 900;
}

.c5 {
  margin-top: 10px;
}

.c6 {
  font-weight: bold;
  font-size: 15px;
}

.c0 {
  margin-top: 20px;
  max-width: 90%;
  background-color: #f5f5f5;
}

@media (max-width:992px) {
  .c1 {
    padding: 0 40px;
  }
}

@media (max-width:768px) {
  .c0 {
    max-width: 100%;
  }
}

<div
  className="c0 c1"
>
  
  
  <div
    className="ant-card ant-card-bordered"
  >
    <div
      className="ant-card-body"
      style={Object {}}
    >
      <span
        className="c2"
      >
        Coupon Code
      </span>
      <span
        className="c3"
        style={
          Object {
            "marginLeft": "10px",
          }
        }
      >
        15OFF
      </span>
      <span
        className="c4"
        style={
          Object {
            "marginLeft": "10px",
          }
        }
      >
        APPLIED!
      </span>
    </div>
  </div>
  <div
    className="c5"
  >
    <label
      className="c6"
    >
       Referral Code 
    </label>
    <div
      className="c7"
      radius={null}
      style={Object {}}
    >
      <input
        placeholder="Referral code"
        style={
          Object {
            "marginTop": "5px",
            "width": "100%",
          }
        }
      />
    </div>
  </div>
</div>
`;
