// Jest Snapshot v1, https://goo.gl/fbAQLP

exports[`Button should match snapshot 1`] = `
.c0 {
  min-width: 250px;
  width: 250px;
  text-align: center;
}

.c2 {
  height: 45px;
  font-family: 'AIAMedium';
  text-transform: none;
  font-size: 1.1em;
  border: 0px;
  display: inline-block;
  background: #D31145;
  -webkit-transition: width 0.3s ease,min-width 0.3s ease,background-color 0.3s ease,border-radius 0.3s ease,border 0.3s ease,display 0.3s ease;
  transition: width 0.3s ease,min-width 0.3s ease,background-color 0.3s ease,border-radius 0.3s ease,border 0.3s ease,display 0.3s ease;
  color: #FFFFFF;
  background-color: #FFF;
  background-image: linear-gradient(to bottom,#d31145,#D31145,#d31145);
  border: none;
}

.c2:active {
  -webkit-transform: scale(0.9);
  -ms-transform: scale(0.9);
  transform: scale(0.9);
  -webkit-transition: scale 0.1s ease-in-out;
  transition: scale 0.1s ease-in-out;
}

.c2:focus {
  outline: none;
}

.c2:disabled {
  -webkit-transform: scale(1);
  -ms-transform: scale(1);
  transform: scale(1);
  opacity: 0.4;
  -webkit-filter: alpha(opacity=40);
  filter: alpha(opacity=40);
}

.c1 {
  color: #fff;
  border-radius: 5px;
  background: rgb(2,0,36);
  background: linear-gradient( 180deg,rgba(2,0,36,1) 0%,rgba(233,24,80,1) 0%,rgba(200,11,62,1) 100% );
  height: 50px !important;
  font-weight: bold;
  max-width: unset !important;
  display: inline-block;
  margin: auto;
}

<div
  className="c0"
  style={Object {}}
>
  <button
    className="btn c1 c2"
    color="#FFFFFF"
    disabled={false}
    loading={false}
    radius={null}
  >
    <div
      className="child"
    >
      Button Example
    </div>
  </button>
</div>
`;
